{"command": ["python", "-m", "unittest", "discover", "-s", "tests", "-v"], "exit_code": 0, "wall_seconds": 3.622068810000002, "cpu_seconds": 3.56, "maximum_rss_kib": 39880, "log": "results/reproduction-logs/command-01.txt"}
{"command": ["python", "finite.py"], "exit_code": 0, "wall_seconds": 6.9284308339999825, "cpu_seconds": 6.8999999999999995, "maximum_rss_kib": 25632, "log": "results/reproduction-logs/command-02.txt"}
{"command": ["python", "reproduce.py", "--case", "fresh", "--seed", "1"], "exit_code": 0, "wall_seconds": 7.69256270599999, "cpu_seconds": 5.8, "maximum_rss_kib": 47972, "log": "results/reproduction-logs/command-03.txt"}
{"command": ["python", "reproduce.py", "--case", "fresh", "--seed", "2"], "exit_code": 0, "wall_seconds": 8.898552094000024, "cpu_seconds": 5.83, "maximum_rss_kib": 47888, "log": "results/reproduction-logs/command-04.txt"}
{"command": ["python", "reproduce.py", "--case", "fresh", "--seed", "3"], "exit_code": 0, "wall_seconds": 10.106130819000015, "cpu_seconds": 5.88, "maximum_rss_kib": 47900, "log": "results/reproduction-logs/command-05.txt"}
{"command": ["python", "reproduce.py", "--case", "index-lag", "--seed", "1"], "exit_code": 0, "wall_seconds": 9.150850001000038, "cpu_seconds": 5.87, "maximum_rss_kib": 48132, "log": "results/reproduction-logs/command-06.txt"}
{"command": ["python", "reproduce.py", "--case", "index-lag", "--seed", "2"], "exit_code": 0, "wall_seconds": 8.297492650000038, "cpu_seconds": 5.84, "maximum_rss_kib": 48228, "log": "results/reproduction-logs/command-07.txt"}
{"command": ["python", "reproduce.py", "--case", "index-lag", "--seed", "3"], "exit_code": 0, "wall_seconds": 8.444526897999992, "cpu_seconds": 5.83, "maximum_rss_kib": 48044, "log": "results/reproduction-logs/command-08.txt"}
{"command": ["python", "reproduce.py", "--case", "log-gap", "--seed", "2"], "exit_code": 0, "wall_seconds": 8.796879936999972, "cpu_seconds": 5.77, "maximum_rss_kib": 47780, "log": "results/reproduction-logs/command-10.txt"}
{"command": ["python", "reproduce.py", "--case", "log-gap", "--seed", "1"], "exit_code": 0, "wall_seconds": 9.350014682999984, "cpu_seconds": 5.7700000000000005, "maximum_rss_kib": 48116, "log": "results/reproduction-logs/command-09.txt"}
{"command": ["python", "reproduce.py", "--case", "log-gap", "--seed", "3"], "exit_code": 0, "wall_seconds": 9.047773053000014, "cpu_seconds": 5.81, "maximum_rss_kib": 48044, "log": "results/reproduction-logs/command-11.txt"}
{"command": ["python", "reproduce.py", "--case", "partition", "--seed", "1"], "exit_code": 0, "wall_seconds": 8.79729749400002, "cpu_seconds": 5.68, "maximum_rss_kib": 48072, "log": "results/reproduction-logs/command-12.txt"}
{"command": ["python", "reproduce.py", "--case", "partition", "--seed", "2"], "exit_code": 0, "wall_seconds": 8.693732539999985, "cpu_seconds": 5.7, "maximum_rss_kib": 48188, "log": "results/reproduction-logs/command-13.txt"}
{"command": ["python", "reproduce.py", "--case", "partition", "--seed", "3"], "exit_code": 0, "wall_seconds": 8.444132893000017, "cpu_seconds": 5.74, "maximum_rss_kib": 47936, "log": "results/reproduction-logs/command-14.txt"}
{"command": ["python", "reproduce.py", "--case", "crash", "--seed", "1"], "exit_code": 0, "wall_seconds": 8.540391805000013, "cpu_seconds": 5.83, "maximum_rss_kib": 48304, "log": "results/reproduction-logs/command-15.txt"}
{"command": ["python", "reproduce.py", "--case", "crash", "--seed", "2"], "exit_code": 0, "wall_seconds": 9.149788221999984, "cpu_seconds": 5.87, "maximum_rss_kib": 48488, "log": "results/reproduction-logs/command-16.txt"}
{"command": ["python", "reproduce.py", "--case", "crash", "--seed", "3"], "exit_code": 0, "wall_seconds": 8.539503179999997, "cpu_seconds": 5.83, "maximum_rss_kib": 48320, "log": "results/reproduction-logs/command-17.txt"}
{"command": ["python", "reproduce.py", "--case", "rebalance", "--seed", "1"], "exit_code": 0, "wall_seconds": 9.097773964999988, "cpu_seconds": 5.75, "maximum_rss_kib": 49148, "log": "results/reproduction-logs/command-18.txt"}
{"command": ["python", "reproduce.py", "--case", "rebalance", "--seed", "3"], "exit_code": 0, "wall_seconds": 8.199268559000018, "cpu_seconds": 5.75, "maximum_rss_kib": 49220, "log": "results/reproduction-logs/command-20.txt"}
{"command": ["python", "reproduce.py", "--case", "rebalance", "--seed", "2"], "exit_code": 0, "wall_seconds": 9.418133379999972, "cpu_seconds": 5.73, "maximum_rss_kib": 49128, "log": "results/reproduction-logs/command-19.txt"}
{"command": ["python", "reproduce.py", "--case", "hot-shard", "--seed", "2"], "exit_code": 0, "wall_seconds": 7.396584472000029, "cpu_seconds": 5.08, "maximum_rss_kib": 46900, "log": "results/reproduction-logs/command-22.txt"}
{"command": ["python", "reproduce.py", "--case", "hot-shard", "--seed", "1"], "exit_code": 0, "wall_seconds": 7.7917879459999995, "cpu_seconds": 5.07, "maximum_rss_kib": 47052, "log": "results/reproduction-logs/command-21.txt"}
{"command": ["python", "reproduce.py", "--case", "hot-shard", "--seed", "3"], "exit_code": 0, "wall_seconds": 7.640991479999968, "cpu_seconds": 5.0600000000000005, "maximum_rss_kib": 46968, "log": "results/reproduction-logs/command-23.txt"}
{"command": ["python", "reproduce.py", "--case", "compaction", "--seed", "2"], "exit_code": 0, "wall_seconds": 8.591933074999986, "cpu_seconds": 5.65, "maximum_rss_kib": 47492, "log": "results/reproduction-logs/command-25.txt"}
{"command": ["python", "reproduce.py", "--case", "compaction", "--seed", "1"], "exit_code": 0, "wall_seconds": 8.699169804999997, "cpu_seconds": 5.609999999999999, "maximum_rss_kib": 47524, "log": "results/reproduction-logs/command-24.txt"}
{"command": ["python", "reproduce.py", "--case", "compaction", "--seed", "3"], "exit_code": 0, "wall_seconds": 8.79682576700003, "cpu_seconds": 5.640000000000001, "maximum_rss_kib": 47488, "log": "results/reproduction-logs/command-26.txt"}
{"command": ["python", "reproduce.py", "--case", "index-lag", "--seed", "1", "--length", "1"], "exit_code": 0, "wall_seconds": 6.9962365009999985, "cpu_seconds": 5.75, "maximum_rss_kib": 47572, "log": "results/reproduction-logs/command-27.txt"}
{"command": ["python", "reproduce.py", "--case", "index-lag", "--seed", "1", "--length", "5"], "exit_code": 0, "wall_seconds": 10.413126170999988, "cpu_seconds": 5.88, "maximum_rss_kib": 47884, "log": "results/reproduction-logs/command-28.txt"}
{"command": ["python", "reproduce.py", "--case", "index-lag", "--seed", "1", "--length", "16"], "exit_code": 0, "wall_seconds": 10.46478623300004, "cpu_seconds": 5.930000000000001, "maximum_rss_kib": 48460, "log": "results/reproduction-logs/command-29.txt"}
{"command": ["python", "reproduce.py", "--case", "index-lag", "--seed", "1", "--length", "32"], "exit_code": 0, "wall_seconds": 8.801464249999981, "cpu_seconds": 6.04, "maximum_rss_kib": 48904, "log": "results/reproduction-logs/command-30.txt"}
{"command": ["python", "reproduce.py", "--case", "hot-shard", "--seed", "1", "--length", "1"], "exit_code": 0, "wall_seconds": 7.39217561199996, "cpu_seconds": 5.1899999999999995, "maximum_rss_kib": 46492, "log": "results/reproduction-logs/command-32.txt"}
{"command": ["python", "reproduce.py", "--case", "index-lag", "--seed", "1", "--length", "64"], "exit_code": 0, "wall_seconds": 9.799615404000008, "cpu_seconds": 6.0600000000000005, "maximum_rss_kib": 49472, "log": "results/reproduction-logs/command-31.txt"}
{"command": ["python", "reproduce.py", "--case", "hot-shard", "--seed", "1", "--length", "5"], "exit_code": 0, "wall_seconds": 8.043882257000007, "cpu_seconds": 5.21, "maximum_rss_kib": 46640, "log": "results/reproduction-logs/command-33.txt"}
{"command": ["python", "reproduce.py", "--case", "hot-shard", "--seed", "1", "--length", "16"], "exit_code": 0, "wall_seconds": 7.037943675000008, "cpu_seconds": 5.210000000000001, "maximum_rss_kib": 47296, "log": "results/reproduction-logs/command-34.txt"}
{"command": ["python", "reproduce.py", "--case", "index-lag", "--seed", "1", "--no-alternates"], "exit_code": 0, "wall_seconds": 6.290814921999981, "cpu_seconds": 5.380000000000001, "maximum_rss_kib": 47972, "log": "results/reproduction-logs/command-35.txt"}
{"command": ["python", "analyze.py"], "exit_code": 0, "wall_seconds": 19.156189031999986, "cpu_seconds": 19.13, "maximum_rss_kib": 60372, "log": "results/reproduction-logs/command-36.txt"}
{"bounds": {"child_address_space_bytes": 3221225472, "overall_deadline_seconds": 180, "workers": 3}, "child_cpu_seconds": 216.63, "driver_rss_kib": 15424, "error": null, "maximum_child_rss_kib": 60372, "meaning": "command success and frozen finite outcomes, not scientific novelty or deployment correctness", "parent_cpu_seconds": 0.248030354, "scope": "unit tests, finite receipt/schedule checks, retained TCP campaign and final replay; independent trace jobs use no more than three workers; the pre-lock pilot is a separate focused command; source inputs are not executed", "status": "PASS", "wall_seconds": 125.09977971400002}
